@17
D=A
@SP
A=M
M=D
@SP
M=M+1
@17
D=A
@SP
A=M
M=D
@SP
M=M+1
@SP
M=M-1
@SP
A=M
D=M
@SP
M=M-1
@SP
A=M
A=M
D=A-D
@_LOGICAL_SET_TRUE_2
D;JEQ
D=0
@_LOGICAL_END_2
0;JMP
(_LOGICAL_SET_TRUE_2)
D=-1
(_LOGICAL_END_2)
@SP
A=M
M=D
@SP
M=M+1
@17
D=A
@SP
A=M
M=D
@SP
M=M+1
@16
D=A
@SP
A=M
M=D
@SP
M=M+1
@SP
M=M-1
@SP
A=M
D=M
@SP
M=M-1
@SP
A=M
A=M
D=A-D
@_LOGICAL_SET_TRUE_5
D;JEQ
D=0
@_LOGICAL_END_5
0;JMP
(_LOGICAL_SET_TRUE_5)
D=-1
(_LOGICAL_END_5)
@SP
A=M
M=D
@SP
M=M+1
@16
D=A
@SP
A=M
M=D
@SP
M=M+1
@17
D=A
@SP
A=M
M=D
@SP
M=M+1
@SP
M=M-1
@SP
A=M
D=M
@SP
M=M-1
@SP
A=M
A=M
D=A-D
@_LOGICAL_SET_TRUE_8
D;JEQ
D=0
@_LOGICAL_END_8
0;JMP
(_LOGICAL_SET_TRUE_8)
D=-1
(_LOGICAL_END_8)
@SP
A=M
M=D
@SP
M=M+1
@892
D=A
@SP
A=M
M=D
@SP
M=M+1
@891
D=A
@SP
A=M
M=D
@SP
M=M+1
@SP
M=M-1
@SP
A=M
D=M
@SP
M=M-1
@SP
A=M
A=M
D=A-D
@_LOGICAL_SET_TRUE_11
D;JLT
D=0
@_LOGICAL_END_11
0;JMP
(_LOGICAL_SET_TRUE_11)
D=-1
(_LOGICAL_END_11)
@SP
A=M
M=D
@SP
M=M+1
@891
D=A
@SP
A=M
M=D
@SP
M=M+1
@892
D=A
@SP
A=M
M=D
@SP
M=M+1
@SP
M=M-1
@SP
A=M
D=M
@SP
M=M-1
@SP
A=M
A=M
D=A-D
@_LOGICAL_SET_TRUE_14
D;JLT
D=0
@_LOGICAL_END_14
0;JMP
(_LOGICAL_SET_TRUE_14)
D=-1
(_LOGICAL_END_14)
@SP
A=M
M=D
@SP
M=M+1
@891
D=A
@SP
A=M
M=D
@SP
M=M+1
@891
D=A
@SP
A=M
M=D
@SP
M=M+1
@SP
M=M-1
@SP
A=M
D=M
@SP
M=M-1
@SP
A=M
A=M
D=A-D
@_LOGICAL_SET_TRUE_17
D;JLT
D=0
@_LOGICAL_END_17
0;JMP
(_LOGICAL_SET_TRUE_17)
D=-1
(_LOGICAL_END_17)
@SP
A=M
M=D
@SP
M=M+1
@32767
D=A
@SP
A=M
M=D
@SP
M=M+1
@32766
D=A
@SP
A=M
M=D
@SP
M=M+1
@SP
M=M-1
@SP
A=M
D=M
@SP
M=M-1
@SP
A=M
A=M
D=A-D
@_LOGICAL_SET_TRUE_20
D;JGT
D=0
@_LOGICAL_END_20
0;JMP
(_LOGICAL_SET_TRUE_20)
D=-1
(_LOGICAL_END_20)
@SP
A=M
M=D
@SP
M=M+1
@32766
D=A
@SP
A=M
M=D
@SP
M=M+1
@32767
D=A
@SP
A=M
M=D
@SP
M=M+1
@SP
M=M-1
@SP
A=M
D=M
@SP
M=M-1
@SP
A=M
A=M
D=A-D
@_LOGICAL_SET_TRUE_23
D;JGT
D=0
@_LOGICAL_END_23
0;JMP
(_LOGICAL_SET_TRUE_23)
D=-1
(_LOGICAL_END_23)
@SP
A=M
M=D
@SP
M=M+1
@32766
D=A
@SP
A=M
M=D
@SP
M=M+1
@32766
D=A
@SP
A=M
M=D
@SP
M=M+1
@SP
M=M-1
@SP
A=M
D=M
@SP
M=M-1
@SP
A=M
A=M
D=A-D
@_LOGICAL_SET_TRUE_26
D;JGT
D=0
@_LOGICAL_END_26
0;JMP
(_LOGICAL_SET_TRUE_26)
D=-1
(_LOGICAL_END_26)
@SP
A=M
M=D
@SP
M=M+1
@57
D=A
@SP
A=M
M=D
@SP
M=M+1
@31
D=A
@SP
A=M
M=D
@SP
M=M+1
@53
D=A
@SP
A=M
M=D
@SP
M=M+1
@SP
M=M-1
@SP
A=M
D=M
@SP
M=M-1
@SP
A=M
A=M
D=D+A
@SP
A=M
M=D
@SP
M=M+1
@112
D=A
@SP
A=M
M=D
@SP
M=M+1
@SP
M=M-1
@SP
A=M
D=M
@SP
M=M-1
@SP
A=M
A=M
D=A-D
@SP
A=M
M=D
@SP
M=M+1
@SP
M=M-1
@SP
A=M
D=M
D=-D
@SP
A=M
M=D
@SP
M=M+1
@SP
M=M-1
@SP
A=M
D=M
@SP
M=M-1
@SP
A=M
A=M
D=D&A
@SP
A=M
M=D
@SP
M=M+1
@82
D=A
@SP
A=M
M=D
@SP
M=M+1
@SP
M=M-1
@SP
A=M
D=M
@SP
M=M-1
@SP
A=M
A=M
D=D|A
@SP
A=M
M=D
@SP
M=M+1
@SP
M=M-1
@SP
A=M
D=M
D=!D
@SP
A=M
M=D
@SP
M=M+1